// Jest Snapshot v1, https://goo.gl/fbAQLP

exports[`RainfallTypicalPill renders the static typical rainfall caption 1`] = `
<View
  accessibilityLabel="Typical May 8 rainfall: 2.6 mm"
  accessibilityRole="text"
  style={
    {
      "alignItems": "center",
      "alignSelf": "flex-start",
      "backgroundColor": "#F2F3FC",
      "borderColor": "rgba(100, 181, 246, 0.32)",
      "borderRadius": 999,
      "borderWidth": 0.5,
      "flexDirection": "row",
      "gap": 8,
      "paddingHorizontal": 12,
      "paddingVertical": 6,
    }
  }
>
  <Text
    style={
      {
        "color": "#64B5F6",
        "fontSize": 18,
        "fontWeight": "900",
        "letterSpacing": 0,
      }
    }
  >
    2.6 mm
  </Text>
  <Text
    style={
      {
        "color": "#717783",
        "fontSize": 9,
        "fontWeight": "700",
        "letterSpacing": 0.5,
        "textTransform": "uppercase",
      }
    }
  >
    TYPICAL MAY 8 RAINFALL (1890-1960)
  </Text>
</View>
`;
